---
source: tests/test_runner.rs
expression: stripped_actual_output.trim()
---
============
INPUT
============
enum List<T> =
  Nil
  Cons({current: T next: List<T>})

let bomb<A>
  : | List<A> => Boolean
  = | Nil => true
    | Cons({current: _ next: Nil}) => true

============
EXIT CODE
============
1

============
STDOUT
============


============
STDERR
============
error:
  ┌─ tests/compiler/typecheck/case_exhaustiveness_enum_1.kk:7:5
  │
7 │     = | Nil => true
  │ ╭─────^
8 │ │     | Cons({current: _ next: Nil}) => true
  │ ╰──────────────────────────────────────────^ Non-exhaustive cases
  │
  = Missing case(s):

      | Cons({ current: _ next: Cons(_) }) => ...
