---
source: tests/test_runner.rs
expression: stripped_actual_output.trim()
---
============
INPUT
============
let x: Integer = {
  let f = x => x.x();
  123;
}

============
EXIT CODE
============
1

============
STDOUT
============


============
STDERR
============
error:
  ┌─ tests/compiler/typecheck/type_inference_infinite_type_1.kk:2:16
  │
2 │   let f = x => x.x();
  │                ^^^^^ Infinite type
  │
  = Infinite type expansion will happen when substituting `@TVAR3` into:

      (
        @TVAR3
      ) =>
        @TVAR4
