---
source: tests/test_runner.rs
expression: stripped_actual_output.trim()
---
============
INPUT
============
(enum Null Null)

(do
  (let foo (-> Null 123))
  (let xs
    (do
      (let x (. Null foo))
      (let y (. (% (x (. Null foo))) x))
      (% x y)))
  (. xs print))

============
EXIT CODE
============
0

============
STDOUT
============
{ x = 123, y = 123 }

============
STDERR
============
