---
source: tests/test_runner.rs
expression: stripped_actual_output.trim()
---
============
INPUT
============
let bar = (null: Null): Integer => {
  let x = "Hello"
  x
}

============
EXIT CODE
============
1

============
STDOUT
============


============
STDERR
============
error:
  ┌─ tests/compiler/typecheck/contextual_unification_10.kk:3:3
  │
3 │   x
  │   ^ Type mismatch
  │
  = +---------------+-------------+
    | EXPECTED TYPE | ACTUAL TYPE |
    +---------------+-------------+
    | - Integer     | + String    |
    +---------------+-------------+
