---
source: tests/test_runner.rs
expression: stripped_actual_output.trim()
---
============
INPUT
============
let foo
  : | String => String
  = | _ => "Hello"

let foo
  : | Integer => String
  = | _ => "World"

do true.foo().print()

============
EXIT CODE
============
1

============
STDOUT
============


============
STDERR
============
error:
  ┌─ tests/compiler/typecheck/single_dispatch_4.kk:9:9
  │
9 │ do true.foo().print()
  │         ^^^ No matching overload found.
  │
  =
    I cannot find a version of this function that takes the following type as first argument:

        Boolean

    But I found other versions of this function that take any of the following type as first argument:

        String

        Integer
