---
source: tests/test_runner.rs
expression: stripped_actual_output.trim()
---
============
INPUT
============
do {
  let f = {...} => null;
          // Error: missing type annotation
}

============
EXIT CODE
============
1

============
STDOUT
============


============
STDERR
============
error:
  ┌─ tests/compiler/typecheck/record_wildcard_5.kk:2:12
  │
2 │   let f = {...} => null;
  │            ^^^ Missing Type Annotation for Record Wildcard
  │
  = Without type annotation, the compiler cannot populate the properties automatically.
    Consider adding type annotation on the outer level to fix this problem.
