---
source: tests/test_runner.rs
expression: stripped_actual_output.trim()
---
============
INPUT
============
let foo
  : | Character => Boolean
  = | 'a' => true
    | 'b' => false

============
EXIT CODE
============
1

============
STDOUT
============


============
STDERR
============
error:
  ┌─ tests/compiler/typecheck/case_exhaustiveness_character_1.kk:3:5
  │
3 │     = | 'a' => true
  │ ╭─────^
4 │ │     | 'b' => false
  │ ╰──────────────────^ Non-exhaustive cases
  │
  = Missing case(s):

      | _ => ...
