---
source: tests/test_runner.rs
expression: stripped_actual_output.trim()
---
============
INPUT
============
class Boolean = true | false
class Grade = a | b

let (left : Grade) .equals (right : Grade) : Boolean =
  { left, right } .
    -> { left = a, right = a } [ true ]
    -> { left = b, right = b } [ true ]
    [ false ]

let (g : Boolean) .not : Boolean =
  g .
    -> true [ false ]
    -> false [ true ]

let<T> (left : T) .not equals (right : T) : Boolean
  given { equals: T -> T -> Boolean }
  = left .equals (right) .not

entry
  a .equals (a) .print; // true
  a .not equals (b) .print; // true
  a .equals (b) .print // false

============
EXIT CODE
============
0

============
STDOUT
============
true
true
false

============
STDERR
============
