---
source: tests/test_runner.rs
expression: stripped_actual_output.trim()
---
============
INPUT
============
// Unterminated string interpolation
"I am ${123

============
EXIT CODE
============
1

============
STDOUT
============


============
STDERR
============
error:
  ┌─ tests/compiler/tokenize/string_interpolation_1.kk:2:12
  │
2 │ "I am ${123
  │            ^ Syntax error: unexpected EOF (end of file)
  │
  = The expected token here is `}`.
