---
source: tests/test_runner.rs
expression: stripped_actual_output.trim()
---
============
INPUT
============
// Expects no error
class Option<T> = some(T) | none

let<A, B> (o : Option<A>) .map (f : A -> Option<B>) : Option<B> =
  o .(
    \some(o) -> o .f
    \none -> none
  )

let foo (a : Option<{ bar : String }>): Option<String> =
  ~map (some (a !.bar))

entry
  some { bar = "hello world" } .foo .print;
  none .foo .print

============
EXIT CODE
============
0

============
STDOUT
============
some("hello world")
none

============
STDERR
============
