---
source: tests/test_runner.rs
expression: stripped_actual_output.trim()
---
============
INPUT
============
type Boolean = case true case false

let (x: Boolean) and (y: Boolean): Boolean =
  {
    (x = true, y = true) -> true,
     _ -> false
  } (x, y)

entry
  true and (true) print;
  true and (false) print;
  false and (true) print;
  false and (false) print

============
EXIT CODE
============
0

============
STDOUT
============
{ '$': 'true', _: null }
{ '$': 'false', _: null }
{ '$': 'false', _: null }
{ '$': 'false', _: null }

============
STDERR
============
