---
source: tests/test_runner.rs
expression: stripped_actual_output.trim()
---
============
INPUT
============
import {bar} from "./diamond_dependency_2.kk"
import {spam} from "./diamond_dependency_3.kk"

[null.bar(), null.spam()].print()

============
EXIT CODE
============
0

============
STDOUT
============
Compile cache hit: tests/compiler/transpile/diamond_dependency_1.kk
[ 2, 3 ]

============
STDERR
============
