---
source: tests/test_runner.rs
expression: stripped_actual_output.trim()
---
============
INPUT
============
/* hello

============
EXIT CODE
============
1

============
STDOUT
============


============
STDERR
============
error:
  ┌─ tests/compiler/tokenize/unterminated_comment_1.kk:1:1
  │
1 │ /* hello
  │ ^^^^^^^^^ Syntax error: Unterminated multiline comment
  │
  = Multiline comment must start and end with three hashes. Consider adding triple hash (###) at the end.
