---
source: tests/test_runner.rs
expression: stripped_actual_output.trim()
---
============
INPUT
============
let prefix (a: Int): Int = a

let prefix2 (a: Int) (b: Int): Int = b

let (a: Int) .postfix: Int = a

let (a: Int) .infix (b: Int): String =
  a.print;
  b.print;
  "hello"

let (a: Int) .infix2 (b: Int) (c: Int): String =
  a.print;
  b.print;
  c.print;
  "hello"

entry
  prefix 1 .print;
  prefix2 3 4 .print;
  5 .postfix .print;
  6 .infix 7 .print;
  8 .infix2 9 10 .print

============
EXIT CODE
============
0

============
STDOUT
============
1
4
5
6
7
"hello"
8
9
10
"hello"

============
STDERR
============
