---
source: tests/test_runner.rs
expression: stripped_actual_output.trim()
---
============
INPUT
============
enum List<Element> =
  Nil()
  Cons({
    current: Element,
    next: List<Element= Element>
  })

let xs = Cons({
  current = 1,
  next = Cons({
    current = true,
    next = Nil()
  })
})

============
EXIT CODE
============
1

============
STDOUT
============


============
STDERR
============
error:
   ┌─ tests/compiler/typecheck/enum_1.kk:11:15
   │
11 │     current = true,
   │               ^^^^ Type mismatch
   │
   = +---------------+-------------+
     | EXPECTED TYPE | ACTUAL TYPE |
     +---------------+-------------+
     | - number      | + boolean   |
     +---------------+-------------+
