---
source: tests/test_runner.rs
expression: stripped_actual_output.trim()
---
============
INPUT
============
import {foo} from "./diamond_dependency_1.kk"

export let bar = (_: Null): Integer => 2

============
EXIT CODE
============
0

============
STDOUT
============


============
STDERR
============
