---
source: tests/test_runner.rs
expression: stripped_actual_output.trim()
---
============
INPUT
============
let bar
  : | { f: | { x: Integer } => Integer } => Integer
  = | props =>
  let { f } = props
  {x: "hi"}.f

============
EXIT CODE
============
1

============
STDOUT
============


============
STDERR
============
error:
  ┌─ tests/compiler/typecheck/contextual_unification_9.kk:5:7
  │
5 │   {x: "hi"}.f
  │       ^^^^ Type mismatch
  │
  = +---------------+-------------+
    | EXPECTED TYPE | ACTUAL TYPE |
    +---------------+-------------+
    | - Integer     | + String    |
    +---------------+-------------+
