---
source: tests/test_runner.rs
expression: stripped_actual_output.trim()
---
============
INPUT
============
enum Food = Nut()
enum Tool = Nut()

let a: Tool = Nut()
let f = \(Nut(): Food) => 123

do a.f()

============
EXIT CODE
============
1

============
STDOUT
============


============
STDERR
============
error:
  ┌─ tests/compiler/typecheck/enum_7.kk:7:4
  │
7 │ do a.f()
  │    ^ Type mismatch
  │
  = +---------------+-------------+
    | EXPECTED TYPE | ACTUAL TYPE |
    +---------------+-------------+
    | - Food        | + Tool      |
    +---------------+-------------+
