---
source: tests/test_runner.rs
expression: stripped_actual_output.trim()
---
============
INPUT
============
class Boolean = true | false

let (x: Boolean) .and (y: Boolean): Boolean =
  { x, y } .(
    -> { x = true, y = true } [ true ]
    -> _ [ false ]
  )

entry
  true .and (true) .print;
  true .and (false) .print;
  false .and (true) .print;
  false .and (false) .print

============
EXIT CODE
============
0

============
STDOUT
============
true
false
false
false

============
STDERR
============
