---
source: tests/test_runner.rs
expression: stripped_actual_output.trim()
---
============
INPUT
============
type Nat = case zero case succ(Nat)

let (x : Nat) add (y : Nat) : Nat =
  {
    case #{ x = zero, y = n } -> n
    case #{ x = succ(n), y = a } -> succ(n add (a))

  } #{ x, y }


entry
  let one = zero succ;
  one add (one) print

============
EXIT CODE
============
0

============
STDOUT
============
{ '$': 'succ', _: { '$': 'succ', _: { '$': 'zero', _: null } } }

============
STDERR
============
