---
source: tests/test_runner.rs
expression: stripped_actual_output.trim()
---
============
INPUT
============
// error: cannot import private symbol
module (spam) = import "./import_1.kk"

============
EXIT CODE
============
1

============
STDOUT
============


============
STDERR
============
error:
  ┌─ tests/compiler/typecheck/import_4.kk:2:9
  │
2 │ module (spam) = import "./import_1.kk"
  │         ^^^^ Cannot import private symbol.
  │
  = Consider exporting this symbol if you want to import it in this file.
    For example:

        export let x = 2
