---
source: tests/test_runner.rs
expression: stripped_actual_output.trim()
---
============
INPUT
============
# base file for testing import
# should have no error
export let foo: Integer = 2
export enum Color = Red Green
export type People = {name: String}

export let bomb
  : | String => String
  = | _  => "Hello"

export let bomb
  : | Boolean => String
  = | _  => "World"

let spam: Integer = 3

============
EXIT CODE
============
0

============
STDOUT
============


============
STDERR
============
