---
source: tests/test_runner.rs
expression: stripped_actual_output.trim()
---
============
INPUT
============
type R = {
  x: Integer
  y: {
    z: Integer
  }
}
let a: R = { x: 2 y: { z: 3 } }
let b: R = a.{ x: 3 y.{ z: 4 }}

do a.print()
do b.print()

============
EXIT CODE
============
0

============
STDOUT
============
{ '$x': 2, '$y': { '$z': 3 } }
{ '$x': 3, '$y': { '$z': 4 } }

============
STDERR
============
