---
source: tests/test_runner.rs
expression: stripped_actual_output.trim()
---
============
INPUT
============
// base file for testing import
// should have no error
export class Color = Red | Green
type People = { name: String }

export let bomb (_: String): String  = "Hello"

export let bomb (): String = "World"

export let foo : Int = 123
let spam : Int = 123

============
EXIT CODE
============
0

============
STDOUT
============


============
STDERR
============
