---
source: tests/test_runner.rs
expression: stripped_actual_output.trim()
---
============
INPUT
============
entry
  let foo = {
    x =  2,
    x = "hello"
//  ^ Duplicated key
 };
  123

============
EXIT CODE
============
1

============
STDOUT
============


============
STDERR
============
error:
  ┌─ tests/compiler/typecheck/record_type_4/record_type_4.kk:4:5
  │
4 │     x = "hello"
  │     ^ Duplicated record key
  │
  = This key is already declared before in this record. Consider removing or renaming it.
