---
source: tests/test_runner.rs
expression: stripped_actual_output.trim()
---
============
INPUT
============
let x : Int = 123
let x : String = "Hello"
let (a : String) .x (b : Int): Int =
  a .print;
  b .print;
  456

entry
  x .x (x) .print // "Hello" 123 456

============
EXIT CODE
============
0

============
STDOUT
============
"Hello"
123
456

============
STDERR
============
