---
source: tests/test_runner.rs
expression: stripped_actual_output.trim()
---
============
INPUT
============
enum List<T> {
  Nil,
  Cons({ current: T, next: List<T> })
}

let xs: Integer = {
  let x = Cons({
    current: 1,
    next: Cons({
      current: true,
      next: Nil
    })
  });
  123
}

============
EXIT CODE
============
1

============
STDOUT
============


============
STDERR
============
error:
   ┌─ tests/compiler/typecheck/enum_1.kk:10:16
   │
10 │       current: true,
   │                ^^^^ Type mismatch
   │
   = +---------------+-------------+
     | EXPECTED TYPE | ACTUAL TYPE |
     +---------------+-------------+
     | - Integer     | + Boolean   |
     +---------------+-------------+
