---
source: tests/test_runner.rs
expression: stripped_actual_output.trim()
---
============
INPUT
============
enum List<Of> =
    Nil()
    Cons({current: Of, next: List<Of= Of>})

let listMap<From, To>
 : \(List<Of= From>, \From -> To) -> List<Of= To>
 =
  \(Nil(), _) => Nil()
  \(Cons({current, next}), f) => Cons({
    current = current.f(),
    next = Cons({current= 0, next= Nil()}).listMap(f)
  })

============
EXIT CODE
============
1

============
STDOUT
============


============
STDERR
============
error:
   ┌─ tests/compiler/typecheck/recursive_function_1.kk:11:27
   │
11 │     next = Cons({current= 0, next= Nil()}).listMap(f)
   │                           ^ Type mismatch
   │
   = +---------------+-------------+
     | EXPECTED TYPE | ACTUAL TYPE |
     +---------------+-------------+
     | - From        | + Integer   |
     +---------------+-------------+
