---
source: tests/test_runner.rs
expression: stripped_actual_output.trim()
---
============
INPUT
============
let (s: String) .replace first (old: String) with (new: String) : Int = 1
let (s: String) .replace each (old: String) with (new: String) : Int = 2

let <A, B> (a: A) .map (f: A -> B) : B = f (a)

entry
  "Hello" .replace first "l" with "k" .print ; // 1
  "Hello" .map(replace) first "l" with "k" .print; // 1
  "Hello" .replace each "l" with "k" .print; // 2
  "Hello" .map(replace) each "l" with "k" .print // 2

============
EXIT CODE
============
0

============
STDOUT
============
1
1
2
2

============
STDERR
============
