---
source: tests/test_runner.rs
expression: stripped_actual_output.trim()
---
============
INPUT
============
let foo (s: String): String = "Hello"

entry
  let foo : String -> String = { x -> "World"};
  "x" foo print

entry
  "x" foo print

============
EXIT CODE
============
0

============
STDOUT
============
World
Hello

============
STDERR
============
