---
source: tests/test_runner.rs
expression: stripped_actual_output.trim()
---
============
INPUT
============
let f
  : | Integer -> Null
  = | x -> Integer => 2

============
EXIT CODE
============
1

============
STDOUT
============


============
STDERR
============
error:
  ┌─ tests/compiler/typecheck/contextual_unification_3.kk:3:12
  │
3 │   = | x -> Integer => 2
  │            ^^^^^^^ Unnecessary type annotation
  │
  = Based on higher level type annotations, we already know that the expected type is:

      Null

    Remove this type annotation to fix this error.
