---
source: tests/test_runner.rs
expression: stripped_actual_output.trim()
---
============
INPUT
============
// circular import
module (spam) = import "./import_6.kk"

============
EXIT CODE
============
1

============
STDOUT
============


============
STDERR
============
error:
  ┌─ tests/compiler/typecheck/import_7.kk:2:24
  │
2 │ module (spam) = import "./import_8.kk"
  │                        ^^^^^^^^^^^^^^^ Cyclic dependencies detected.
  │
  = Explanation:

      tests/compiler/typecheck/import_8.kk imports tests/compiler/typecheck/import_6.kk
      tests/compiler/typecheck/import_6.kk imports tests/compiler/typecheck/import_7.kk
      tests/compiler/typecheck/import_7.kk imports tests/compiler/typecheck/import_8.kk
