---
source: tests/test_runner.rs
expression: stripped_actual_output.trim()
---
============
INPUT
============
let foo = \null => 123

do null.foo()

============
EXIT CODE
============
1

============
STDOUT
============


============
STDERR
============
error:
  ┌─ tests/compiler/typecheck/do_statement_1.kk:3:4
  │
3 │ do null.foo()
  │    ^^^^^^^^^^ Type Mismatch
  │
  = The body of do-expression must have the type of Null.
    But this expression has the type of:

        Integer
