---
source: tests/test_runner.rs
expression: stripped_actual_output.trim()
---
============
INPUT
============
let x = \x - 2

============
EXIT CODE
============
1

============
STDOUT
============


============
STDERR
============
error:
  ┌─ tests/compiler/parse/expected_expression_function.kk:1:12
  │
1 │ let x = \x - 2
  │            ^ Syntax error: not expecting `-` here
  │
  = The expected token here is `=>`.

    Note that `-` is only used to represent negative numbers, for example `-123.4`.

    We found this error when we are trying to parse a Function.
    Examples of Function are:

    Example #1:

      \x => x.add(1)

    Example #2:

      \(x: String, y: String) -> String => x.concat(y)

    Example #3:

      \(true, true) => true
      \(_, _) => false
