---
source: tests/test_runner.rs
expression: stripped_actual_output.trim()
---
============
INPUT
============
do
  let guess = | x =>
    let [0 ..._] = x
    true
  null

============
EXIT CODE
============
1

============
STDOUT
============


============
STDERR
============
error:
  ┌─ tests/compiler/typecheck/monadic_let_array_1.kk:4:5
  │
4 │     true
  │     ^^^^ Type mismatch
  │
  = +---------------+-------------+
    | EXPECTED TYPE | ACTUAL TYPE |
    +---------------+-------------+
    | - [           | + Boolean   |
    | -   Integer   |             |
    | - ]           |             |
    +---------------+-------------+
