---
source: tests/test_runner.rs
expression: stripped_actual_output.trim()
---
============
INPUT
============
/**
 * This function takes anything string and output 123.
 * For example:
 * ```
 * "Hi".foo().print()
 * ```
 */
let foo = (_: String): Integer => 123

============
EXIT CODE
============
0

============
STDOUT
============
123

============
STDERR
============
