---
source: tests/test_runner.rs
expression: stripped_actual_output.trim()
---
============
INPUT
============
class Foo = a (String) | b {hello: String}

let `to string`
  : Foo -> String
  = \a(x) | b {hello = x} -> x

entry
  a "Spongebob". `to string` .print;
  b {hello = "Squarepants"} .`to string` .print

============
EXIT CODE
============
0

============
STDOUT
============
Spongebob
Squarepants

============
STDERR
============
