---
source: tests/test_runner.rs
expression: stripped_actual_output.trim()
---
============
INPUT
============
enum Boolean {
  True,
  False
},


[A] if (condition : Boolean) (t : () -> A) else (f : () -> A) : A = condition .{ True -> t (), False -> f () },

if (True) { "Hello world" .print } else { "Bye" .print },
if (False) { "Hello world" .print } else { "Bye" .print }

============
EXIT CODE
============
0

============
STDOUT
============
"Hello world"
"Bye"

============
STDERR
============
