---
source: tests/test_runner.rs
expression: stripped_actual_output.trim()
---
============
INPUT
============
enum Color = Red Green
enum Bool = True False
do
  let firstIsTrue = | x =>
    let Red = x
    True
  null

============
EXIT CODE
============
1

============
STDOUT
============


============
STDERR
============
error:
  ┌─ tests/compiler/typecheck/monadic_let_enum_1.kk:6:5
  │
6 │     True
  │     ^^^^ Type mismatch
  │
  = +---------------+-------------+
    | EXPECTED TYPE | ACTUAL TYPE |
    +---------------+-------------+
    | - Color       | + Bool      |
    +---------------+-------------+
