---
source: tests/test_runner.rs
expression: stripped_actual_output.trim()
---
============
INPUT
============
# Using Javascript's keyword as property name should not fail

let foo: | {with: String} => String =  | {with} => with

do {with: "Hello"}.foo().print()

============
EXIT CODE
============
0

============
STDOUT
============
Hello

============
STDERR
============
