---
source: tests/test_runner.rs
expression: stripped_actual_output.trim()
---
============
INPUT
============
// import all
import * from "./import_1.kk"

do foo.print()

let x: Color = Red
do x.print()
do Green.print()
do true.bomb().print()
do "hi".bomb().print()

============
EXIT CODE
============
0

============
STDOUT
============
123
{ '$': 'Red', _: null }
{ '$': 'Green', _: null }
World
Hello

============
STDERR
============
