---
source: tests/test_runner.rs
expression: stripped_actual_output.trim()
---
============
INPUT
============
type R = { x: Int, y: { z: Int } }

entry
  let a = { x = 2, y = { z = 3 } };
  let b = a .{ x = 3, y = { z = 4 } (y (a)) };
  a .print;
  b .print

============
EXIT CODE
============
0

============
STDOUT
============
{ '$x': 2, '$y': { '$z': 3 } }
{ '$x': 3, '$y': { '$z': 4 } }

============
STDERR
============
