---
source: src/main.rs
expression: "transpile_source(\"\n            let f = \\\\(a, b) => \n                let #some(x) = a\n                let #ok(y) = b \n                    else \\\\_ => #none\n                x.plus(y)\n            \".to_string())"
---
Ok(
    "const f = (_0,_1)=>{{var a = _0;var b = _1;var $TEMP = a;if($TEMP.$===\'some\'){var x = $TEMP._;var $TEMP = b;if($TEMP.$===\'ok\'){var y = $TEMP._;return (plus)(x,y)}else{return ((_0)=>{{var _ = _0;return {$:\'none\'}}})($TEMP)}}else{return $TEMP}}}",
)
