---
source: src/main.rs
expression: "type_check_source(\"\n            let guess = \\\\x => \n                let 'yo' = x\n                2\n            \".trim().to_string())"
---
Err(
    UnifyError(
        TypeMismatch {
            location: Location {
                source: NonFile {
                    env_name: "TESTING",
                },
                position: Position {
                    line_start: 2,
                    line_end: 2,
                    column_start: 17,
                    column_end: 17,
                },
            },
            expected_type: String,
            actual_type: Number,
        },
    ),
)
